// Jest Snapshot v1, https://goo.gl/fbAQLP

exports[`SimpleBanner (Snapshot) SimpleBanner renders hello world 1`] = `
<div
  className="sc-bdVaJa jZmybB"
>
  <span
    className="sc-bwzfXH cciKmt"
  >
    Hello 
  </span>
   
  world
</div>
`;
